
  4×9×2 int8 array

ans(:,:,1) =

   1   0   1   1   0   1   1   0   1
   0   1   0   0   1   0   0   1   0
   1   0   1   1   0   1   1   0   1
   0   1   0   0   1   0   0   1   0


ans(:,:,2) =

   1   0   1   1   0   1   1   0   1
   0   1   0   0   1   0   0   1   0
   1   0   1   1   0   1   1   0   1
   0   1   0   0   1   0   0   1   0


  4×9×2 int16 array

ans(:,:,1) =

   1   0   1   1   0   1   1   0   1
   0   1   0   0   1   0   0   1   0
   1   0   1   1   0   1   1   0   1
   0   1   0   0   1   0   0   1   0


ans(:,:,2) =

   1   0   1   1   0   1   1   0   1
   0   1   0   0   1   0   0   1   0
   1   0   1   1   0   1   1   0   1
   0   1   0   0   1   0   0   1   0


  4×9×2 int32 array

ans(:,:,1) =

   1   0   1   1   0   1   1   0   1
   0   1   0   0   1   0   0   1   0
   1   0   1   1   0   1   1   0   1
   0   1   0   0   1   0   0   1   0


ans(:,:,2) =

   1   0   1   1   0   1   1   0   1
   0   1   0   0   1   0   0   1   0
   1   0   1   1   0   1   1   0   1
   0   1   0   0   1   0   0   1   0


  4×9×2 int64 array

ans(:,:,1) =

   1   0   1   1   0   1   1   0   1
   0   1   0   0   1   0   0   1   0
   1   0   1   1   0   1   1   0   1
   0   1   0   0   1   0   0   1   0


ans(:,:,2) =

   1   0   1   1   0   1   1   0   1
   0   1   0   0   1   0   0   1   0
   1   0   1   1   0   1   1   0   1
   0   1   0   0   1   0   0   1   0


  4×9×2 uint8 array

ans(:,:,1) =

   1   0   1   1   0   1   1   0   1
   0   1   0   0   1   0   0   1   0
   1   0   1   1   0   1   1   0   1
   0   1   0   0   1   0   0   1   0


ans(:,:,2) =

   1   0   1   1   0   1   1   0   1
   0   1   0   0   1   0   0   1   0
   1   0   1   1   0   1   1   0   1
   0   1   0   0   1   0   0   1   0


  4×9×2 uint16 array

ans(:,:,1) =

   1   0   1   1   0   1   1   0   1
   0   1   0   0   1   0   0   1   0
   1   0   1   1   0   1   1   0   1
   0   1   0   0   1   0   0   1   0


ans(:,:,2) =

   1   0   1   1   0   1   1   0   1
   0   1   0   0   1   0   0   1   0
   1   0   1   1   0   1   1   0   1
   0   1   0   0   1   0   0   1   0


  4×9×2 uint32 array

ans(:,:,1) =

   1   0   1   1   0   1   1   0   1
   0   1   0   0   1   0   0   1   0
   1   0   1   1   0   1   1   0   1
   0   1   0   0   1   0   0   1   0


ans(:,:,2) =

   1   0   1   1   0   1   1   0   1
   0   1   0   0   1   0   0   1   0
   1   0   1   1   0   1   1   0   1
   0   1   0   0   1   0   0   1   0


  4×9×2 uint64 array

ans(:,:,1) =

   1   0   1   1   0   1   1   0   1
   0   1   0   0   1   0   0   1   0
   1   0   1   1   0   1   1   0   1
   0   1   0   0   1   0   0   1   0


ans(:,:,2) =

   1   0   1   1   0   1   1   0   1
   0   1   0   0   1   0   0   1   0
   1   0   1   1   0   1   1   0   1
   0   1   0   0   1   0   0   1   0


ans =

  3×3 int8 matrix

   1   0   0
   0   1   0
   0   0   1


ans =

  3×3 int16 matrix

   1   0   0
   0   1   0
   0   0   1


ans =

  3×3 int32 matrix

   1   0   0
   0   1   0
   0   0   1


ans =

  3×3 int64 matrix

   1   0   0
   0   1   0
   0   0   1


ans =

  3×3 uint8 matrix

   1   0   0
   0   1   0
   0   0   1


ans =

  3×3 uint16 matrix

   1   0   0
   0   1   0
   0   0   1


ans =

  3×3 uint32 matrix

   1   0   0
   0   1   0
   0   0   1


ans =

  3×3 uint64 matrix

   1   0   0
   0   1   0
   0   0   1

