
ans =

  <int8>  - size: 4x9x2
(:,:,1) =


Columns 1 to 9
    1     0     1     1     0     1     1     0     1  
    0     1     0     0     1     0     0     1     0  
    1     0     1     1     0     1     1     0     1  
    0     1     0     0     1     0     0     1     0  
(:,:,2) =


Columns 1 to 9
    1     0     1     1     0     1     1     0     1  
    0     1     0     0     1     0     0     1     0  
    1     0     1     1     0     1     1     0     1  
    0     1     0     0     1     0     0     1     0  

ans =

  <int16>  - size: 4x9x2
(:,:,1) =


Columns 1 to 9
      1       0       1       1       0       1       1       0       1  
      0       1       0       0       1       0       0       1       0  
      1       0       1       1       0       1       1       0       1  
      0       1       0       0       1       0       0       1       0  
(:,:,2) =


Columns 1 to 9
      1       0       1       1       0       1       1       0       1  
      0       1       0       0       1       0       0       1       0  
      1       0       1       1       0       1       1       0       1  
      0       1       0       0       1       0       0       1       0  

ans =

  <int32>  - size: 4x9x2
(:,:,1) =


Columns 1 to 5
             1              0              1              1              0  
             0              1              0              0              1  
             1              0              1              1              0  
             0              1              0              0              1  

Columns 6 to 9
             1              1              0              1  
             0              0              1              0  
             1              1              0              1  
             0              0              1              0  
(:,:,2) =


Columns 1 to 5
             1              0              1              1              0  
             0              1              0              0              1  
             1              0              1              1              0  
             0              1              0              0              1  

Columns 6 to 9
             1              1              0              1  
             0              0              1              0  
             1              1              0              1  
             0              0              1              0  

ans =

  <int64>  - size: 4x9x2
(:,:,1) =


Columns 1 to 5
 1  0  1  1  0  
 0  1  0  0  1  
 1  0  1  1  0  
 0  1  0  0  1  

Columns 6 to 9
 1  1  0  1  
 0  0  1  0  
 1  1  0  1  
 0  0  1  0  
(:,:,2) =


Columns 1 to 5
 1  0  1  1  0  
 0  1  0  0  1  
 1  0  1  1  0  
 0  1  0  0  1  

Columns 6 to 9
 1  1  0  1  
 0  0  1  0  
 1  1  0  1  
 0  0  1  0  

ans =

  <uint8>  - size: 4x9x2
(:,:,1) =


Columns 1 to 9
   1    0    1    1    0    1    1    0    1  
   0    1    0    0    1    0    0    1    0  
   1    0    1    1    0    1    1    0    1  
   0    1    0    0    1    0    0    1    0  
(:,:,2) =


Columns 1 to 9
   1    0    1    1    0    1    1    0    1  
   0    1    0    0    1    0    0    1    0  
   1    0    1    1    0    1    1    0    1  
   0    1    0    0    1    0    0    1    0  

ans =

  <uint16>  - size: 4x9x2
(:,:,1) =


Columns 1 to 9
     1      0      1      1      0      1      1      0      1  
     0      1      0      0      1      0      0      1      0  
     1      0      1      1      0      1      1      0      1  
     0      1      0      0      1      0      0      1      0  
(:,:,2) =


Columns 1 to 9
     1      0      1      1      0      1      1      0      1  
     0      1      0      0      1      0      0      1      0  
     1      0      1      1      0      1      1      0      1  
     0      1      0      0      1      0      0      1      0  

ans =

  <uint32>  - size: 4x9x2
(:,:,1) =


Columns 1 to 5
            1             0             1             1             0  
            0             1             0             0             1  
            1             0             1             1             0  
            0             1             0             0             1  

Columns 6 to 9
            1             1             0             1  
            0             0             1             0  
            1             1             0             1  
            0             0             1             0  
(:,:,2) =


Columns 1 to 5
            1             0             1             1             0  
            0             1             0             0             1  
            1             0             1             1             0  
            0             1             0             0             1  

Columns 6 to 9
            1             1             0             1  
            0             0             1             0  
            1             1             0             1  
            0             0             1             0  

ans =

  <uint64>  - size: 4x9x2
(:,:,1) =


Columns 1 to 5
 1  0  1  1  0  
 0  1  0  0  1  
 1  0  1  1  0  
 0  1  0  0  1  

Columns 6 to 9
 1  1  0  1  
 0  0  1  0  
 1  1  0  1  
 0  0  1  0  
(:,:,2) =


Columns 1 to 5
 1  0  1  1  0  
 0  1  0  0  1  
 1  0  1  1  0  
 0  1  0  0  1  

Columns 6 to 9
 1  1  0  1  
 0  0  1  0  
 1  1  0  1  
 0  0  1  0  

ans =

  <int8>  - size: 3x3

Columns 1 to 3
    1      0      0  
    0      1      0  
    0      0      1  

ans =

  <int16>  - size: 3x3

Columns 1 to 3
      1        0        0  
      0        1        0  
      0        0        1  

ans =

  <int32>  - size: 3x3

Columns 1 to 3
             1               0               0  
             0               1               0  
             0               0               1  

ans =

  <int64>  - size: 3x3

Columns 1 to 3
 1   0   0  
 0   1   0  
 0   0   1  

ans =

  <uint8>  - size: 3x3

Columns 1 to 3
   1     0     0  
   0     1     0  
   0     0     1  

ans =

  <uint16>  - size: 3x3

Columns 1 to 3
     1       0       0  
     0       1       0  
     0       0       1  

ans =

  <uint32>  - size: 3x3

Columns 1 to 3
            1              0              0  
            0              1              0  
            0              0              1  

ans =

  <uint64>  - size: 3x3

Columns 1 to 3
 1   0   0  
 0   1   0  
 0   0   1  
