<?xml version="1.0" encoding="UTF-8"?>
<xmldoc>
  <copyright>SAMEASNELSONSOFTWARE</copyright>
  <language>en_US</language>
  <module_name>xml</module_name>
  <chapter>XmlProcessing</chapter>
  <chapter_description>
    <p>TheXMLmoduleprovidesfunctionstocreate,convert,andmanageXMLdocumentsforNelson.</p>
  </chapter_description>
</xmldoc>
